Journal step C - Reopen the live cell by out point
  journal lookup 1: pending
  journal lookup 2: pending
  journal lookup 3: pending
  journal lookup 4: pending
  journal lookup 5: pending
  journal lookup 6: pending
  journal lookup 7: pending
  journal lookup 8: proposed
  journal lookup 9: proposed
  journal lookup 10: proposed
  journal lookup 11: committed
Committed at block: 0x1982
Journal out point: 0x5af43d4266412311a273748b20f2872b424b5df0f96beb74d7f7d0de0ad4576b:0x0
Live cell status: live
Live cell capacity: 0x3781bf500
Reopened hex: 0x5355454d554e59414f2043616d706169676e2032206a6f75726e616c20656e7472793a20746869732063656c6c20686f6c64732061207265636569707420492063616e2072656f70656e206279206f757420706f696e742e
Reopened text: SUEMUNYAO Campaign 2 journal entry: this cell holds a receipt I can reopen by out point.

Saved cell journal proof: /home/core/Desktop/CKB/CKBchallengesCONST/campaign-02-proof/cell-journal-result.json
Cell journal proof complete: encoded, built, committed, reopened, decoded.
